// Jest Snapshot v1, https://goo.gl/fbAQLP

exports[`BookmarkStar renders 1`] = `
<withApi(BookmarkStar)
  organization={
    Object {
      "access": Array [
        "org:read",
        "org:write",
        "org:admin",
        "org:integrations",
        "project:read",
        "project:write",
        "project:admin",
        "team:read",
        "team:write",
        "team:admin",
      ],
      "features": Array [],
      "id": "3",
      "name": "Organization Name",
      "onboardingTasks": Array [],
      "projects": Array [],
      "scrapeJavaScript": true,
      "slug": "org-slug",
      "status": Object {
        "id": "active",
        "name": "active",
      },
      "teams": Array [],
    }
  }
  project={
    Object {
      "environments": Array [],
      "hasAccess": true,
      "id": "2",
      "isBookmarked": false,
      "isMember": true,
      "name": "Project Name",
      "slug": "project-slug",
      "teams": Array [],
    }
  }
>
  <BookmarkStar
    api={
      Client {
        "_chain": [Function],
        "_wrapRequest": [Function],
        "bulkUpdate": [Function],
        "handleRequestError": [Function],
        "hasProjectBeenRenamed": [Function],
      }
    }
    organization={
      Object {
        "access": Array [
          "org:read",
          "org:write",
          "org:admin",
          "org:integrations",
          "project:read",
          "project:write",
          "project:admin",
          "team:read",
          "team:write",
          "team:admin",
        ],
        "features": Array [],
        "id": "3",
        "name": "Organization Name",
        "onboardingTasks": Array [],
        "projects": Array [],
        "scrapeJavaScript": true,
        "slug": "org-slug",
        "status": Object {
          "id": "active",
          "name": "active",
        },
        "teams": Array [],
      }
    }
    project={
      Object {
        "environments": Array [],
        "hasAccess": true,
        "id": "2",
        "isBookmarked": false,
        "isMember": true,
        "name": "Project Name",
        "slug": "project-slug",
        "teams": Array [],
      }
    }
  >
    <Star
      isBookmarked={false}
      onClick={[Function]}
      src="icon-star-small-filled"
    >
<<<<<<< HEAD
      <ForwardRef
        className="css-1lg61nd-InlineSvg-Star e5ekdrk0"
=======
      <InlineSvg
        className="css-fl9x15-Star euuv3ia0"
>>>>>>> build(travis): yarn --pnp [WIP]
        isBookmarked={false}
        onClick={[Function]}
        src="icon-star-small-filled"
      >
<<<<<<< HEAD
        <svg
          className="css-1lg61nd-InlineSvg-Star e5ekdrk0"
=======
        <StyledSvg
          className="css-fl9x15-Star euuv3ia0"
>>>>>>> build(travis): yarn --pnp [WIP]
          height="1em"
          onClick={[Function]}
          viewBox={Object {}}
          width="1em"
        >
<<<<<<< HEAD
          <use
            href="#test"
            xlinkHref="#test"
          />
        </svg>
      </ForwardRef>
=======
          <svg
            className="euuv3ia0 css-1b9wx8m-StyledSvg-Star ebb48o80"
            height="1em"
            onClick={[Function]}
            viewBox={Object {}}
            width="1em"
          >
            <use
              href="#test"
              xlinkHref="#test"
            />
          </svg>
        </StyledSvg>
      </InlineSvg>
>>>>>>> build(travis): yarn --pnp [WIP]
    </Star>
  </BookmarkStar>
</withApi(BookmarkStar)>
`;
