// Jest Snapshot v1, https://goo.gl/fbAQLP

exports[`AlertLink renders 1`] = `
<IssueSyncListElementContainer>
  <HovercardSuspense
    containerClassName="css-2jp7uo-hoverCardContainer"
  >
    <IntegrationIcon
      src="icon-github"
    />
    <IntegrationLink>
      Link GitHub Issue
    </IntegrationLink>
  </HovercardSuspense>
</IssueSyncListElementContainer>
`;
