// Jest Snapshot v1, https://goo.gl/fbAQLP

exports[`returnButton renders 1`] = `
<ClickTargetStyled>
  <TooltipSuspense
    title="Save"
  >
    <SubmitButton>
      <InlineSvg
        size="0.75em"
        src="icon-return-key"
      />
    </SubmitButton>
  </TooltipSuspense>
</ClickTargetStyled>
`;
