// Jest Snapshot v1, https://goo.gl/fbAQLP

exports[`Issues -> Merged View renders with mocked data 1`] = `
<GroupMergedView
  location={
    Object {
      "query": Object {},
    }
  }
  params={
    Object {
      "groupId": "groupId",
      "orgId": "orgId",
      "projectId": "projectId",
    }
  }
  project={
    Object {
      "environments": Array [],
      "hasAccess": true,
      "id": "2",
      "isBookmarked": false,
      "isMember": true,
      "name": "Project Name",
      "slug": "projectId",
      "teams": Array [],
    }
  }
>
  <div>
    <div
      className="alert alert-block alert-warning"
    >
      <strong>
        Warning
        :
      </strong>
       
      This is an experimental feature. Data may not be immediately available while we process unmerges.
    </div>
    <profiler(LoadingIndicator)>
      <LoadingIndicator
        finishProfile={[Function]}
      >
        <div
          className="loading"
        >
          <div
            className="loading-indicator"
            style={Object {}}
          />
          <div
            className="loading-message"
          />
        </div>
      </LoadingIndicator>
    </profiler(LoadingIndicator)>
  </div>
</GroupMergedView>
`;
